#-----------------------------------------------------------
# Vivado v2023.1 (64-bit)
# SW Build 3865809 on Sun May  7 15:05:29 MDT 2023
# IP Build 3864474 on Sun May  7 20:36:21 MDT 2023
# SharedData Build 3865790 on Sun May 07 13:33:03 MDT 2023
# Start of session at: Sat Jul 12 12:10:29 2025
# Process ID: 5428
# Current directory: C:/Users/TAMAJEET/OneDrive/Desktop/Coding/Vivado_projects/Sequence_detector/Sequence_detector.runs/synth_1
# Command line: vivado.exe -log moore_seq1010.vds -product Vivado -mode batch -messageDb vivado.pb -notrace -source moore_seq1010.tcl
# Log file: C:/Users/TAMAJEET/OneDrive/Desktop/Coding/Vivado_projects/Sequence_detector/Sequence_detector.runs/synth_1/moore_seq1010.vds
# Journal file: C:/Users/TAMAJEET/OneDrive/Desktop/Coding/Vivado_projects/Sequence_detector/Sequence_detector.runs/synth_1\vivado.jou
# Running On: LAPTOP-I89H6Q9J, OS: Windows, CPU Frequency: 2795 MHz, CPU Physical cores: 8, Host memory: 16368 MB
#-----------------------------------------------------------
source moore_seq1010.tcl -notrace
